absl-py==2.3.1
addict==2.4.0
aiohappyeyeballs==2.6.1
aiohttp==3.13.5
aiosignal==1.4.0
AmberUtils==21.0
anyio==4.12.1
argon2-cffi==25.1.0
argon2-cffi-bindings==25.1.0
arrow==1.4.0
astropy==6.0.1
astropy-iers-data==0.2026.3.16.0.53.33
asttokens==3.0.1
async-lru==2.0.5
async-timeout==5.0.1
attrs==26.1.0
autoflake==2.2.1
babel==2.18.0
beautifulsoup4==4.14.3
biopython==1.83
biotite==0.39.0
bleach==6.2.0
certifi==2026.5.20
cffi==2.0.0
cfgv==3.4.0
charset-normalizer==3.4.7
comm==0.2.3
contourpy==1.3.0
-e git+https://github.com/NiuYiHao/CryoDyna.git@845b7983dd1496597fdf47315a0bebbd7c10a3d9#egg=cryodyna
cryptography==48.0.0
cycler==0.12.1
debugpy==1.8.20
decorator==5.3.1
defusedxml==0.7.1
distlib==0.4.0
dm-tree==0.1.8
edgembar==3.0
einops==0.8.2
exceptiongroup==1.3.1
executing==2.2.1
fastjsonschema==2.21.2
filelock==3.19.1
fonttools==4.60.2
fqdn==1.5.1
frozenlist==1.8.0
fsspec==2024.12.0
gemmi==0.6.4
google-auth==2.50.0
google-auth-oauthlib==1.3.1
grpcio==1.80.0
healpy==1.17.3
identify==2.6.15
idna==3.17
importlib_metadata==8.7.1
importlib_resources==6.5.2
ipykernel==6.31.0
ipython==8.18.1
isoduration==20.11.0
jedi==0.19.2
Jinja2==3.1.6
joblib==1.5.3
json5==0.14.0
jsonpointer==3.0.0
jsonschema==4.25.1
jsonschema-specifications==2025.9.1
jupyter-events==0.12.1
jupyter-lsp==2.3.1
jupyter_client==8.6.3
jupyter_core==5.8.1
jupyter_server==2.18.2
jupyter_server_terminals==0.5.4
jupyterlab==4.0.11
jupyterlab_pygments==0.3.0
jupyterlab_server==2.28.0
kiwisolver==1.4.7
lark==1.3.1
lazy_loader==0.3
lightning==2.1.3
lightning-utilities==0.15.2
llvmlite==0.41.1
Markdown==3.9
markdown-it-py==3.0.0
MarkupSafe==3.0.3
matplotlib==3.8.2
matplotlib-inline==0.2.2
mdurl==0.1.2
mistune==3.2.1
mmcv-lite==2.1.0
mmengine==0.10.2
MMPBSA.py==16.0
mpmath==1.3.0
mrcfile==1.5.0
msgpack==1.1.2
multidict==6.7.1
nbclient==0.10.2
nbconvert==7.17.1
nbformat==5.10.4
ndfes==3.0
nest-asyncio==1.6.0
networkx==3.2.1
nodeenv==1.10.0
notebook_shim==0.2.4
numba==0.58.1
numpy==1.26.3
nvidia-cublas-cu12==12.6.4.1
nvidia-cuda-cupti-cu12==12.6.80
nvidia-cuda-nvrtc-cu12==12.6.77
nvidia-cuda-runtime-cu12==12.6.77
nvidia-cudnn-cu12==9.10.2.21
nvidia-cufft-cu12==11.3.0.4
nvidia-cufile-cu12==1.11.1.6
nvidia-curand-cu12==10.3.7.77
nvidia-cusolver-cu12==11.7.1.2
nvidia-cusparse-cu12==12.5.4.2
nvidia-cusparselt-cu12==0.7.1
nvidia-nccl-cu12==2.27.3
nvidia-nvjitlink-cu12==12.6.85
nvidia-nvtx-cu12==12.6.77
oauthlib==3.3.1
opencv-python==4.9.0.80
overrides==7.7.0
packaging==24.2
packmol_memgen==2024.3.27
pandas==2.2.0
pandocfilters==1.5.1
ParmEd==0+unknown
parso==0.8.7
pdb4amber==22.0
pexpect==4.9.0
pillow==11.3.0
platformdirs==4.4.0
pre-commit==3.6.0
prometheus_client==0.25.0
prompt_toolkit==3.0.52
propcache==0.4.1
protobuf==3.20.0
psutil==7.2.2
ptyprocess==0.7.0
pure_eval==0.2.3
pyarrow==21.0.0
pyasn1==0.6.3
pyasn1_modules==0.4.2
pycparser==2.23
pyerfa==2.0.1.5
pyflakes==3.4.0
Pygments==2.20.0
pyMSMT==22.0
PyMuPDF==1.26.5
pynndescent==0.6.0
pyparsing==3.3.2
python-dateutil==2.9.0.post0
python-discovery==1.4.0
python-json-logger==4.0.0
pytorch-lightning==2.6.0
pytraj==2.0.6
pytz==2026.3.post1
PyYAML==6.0.3
pyzmq==27.1.0
referencing==0.36.2
requests==2.32.5
requests-oauthlib==2.0.0
rfc3339-validator==0.1.4
rfc3986-validator==0.1.1
rfc3987-syntax==1.1.0
rich==15.0.0
rpds-py==0.27.1
sander==22.0
scikit-learn==1.4.0
scipy==1.12.0
seaborn==0.13.2
Send2Trash==2.1.0
six==1.17.0
soupsieve==2.8.4
stack-data==0.6.3
starfile==0.5.13
sympy==1.14.0
tabulate==0.9.0
tensorboard==2.15.1
tensorboard-data-server==0.7.2
termcolor==3.1.0
terminado==0.18.1
threadpoolctl==3.6.0
tinycss2==1.4.0
tomli==2.4.1
torch==2.8.0+cu126
torch-geometric==2.6.1
torch_cluster==1.6.3+pt28cu126
torch_scatter==2.1.2+pt28cu126
torchaudio==2.8.0+cu126
torchinfo==1.8.0
torchmetrics==1.8.2
torchvision==0.23.0+cu126
tornado==6.5.6
tqdm==4.64.0
traitlets==5.15.0
triton==3.4.0
typing_extensions==4.15.0
tzdata==2026.3
umap-learn==0.5.5
uri-template==1.3.0
urllib3==2.6.3
virtualenv==21.4.2
wcwidth==0.7.0
webcolors==24.11.1
webencodings==0.5.1
websocket-client==1.9.0
Werkzeug==3.1.8
yapf==0.43.0
yarl==1.22.0
zipp==3.23.1
