      phase  stage  view_mean_deg  so3_mean_deg
Grid search      0       6.344811      7.358135
Grid search      1       3.088591      3.858027
Grid search      2       1.583100      1.875255
Grid search      3       0.693558      0.863473
Grid search      4       0.406798      0.483377
       Adam      1       0.235108      0.277523
       Adam      2       0.200644      0.231110
       Adam      3       0.236090      0.277303
       Adam      4       0.264873      0.300858
       Adam      5       0.261490      0.288633
       Adam      6       0.237679      0.265243
       Adam      7       0.208446      0.235665
       Adam      8       0.188934      0.215724
       Adam      9       0.174373      0.199302
       Adam     10       0.165408      0.187793
       Adam     11       0.168622      0.192147
       Adam     12       0.173415      0.190980
       Adam     13       0.168441      0.186578
       Adam     14       0.165670      0.187995
       Adam     15       0.160115      0.183700
       Adam     16       0.157795      0.171437
       Adam     17       0.153962      0.168574
       Adam     18       0.156412      0.171003
       Adam     19       0.164005      0.181308
       Adam     20       0.160077      0.175589
       Adam     21       0.157070      0.179889
       Adam     22       0.158026      0.177766
       Adam     23       0.158881      0.175857
       Adam     24       0.152196      0.169195
       Adam     25       0.145766      0.159838
       Adam     26       0.146012      0.152553
       Adam     27       0.142077      0.153451
       Adam     28       0.138838      0.151877
       Adam     29       0.134018      0.146977
       Adam     30       0.130269      0.138650
